15:40:56 **** Incremental Build of configuration Debug for project 11-UART-Circular-Buffer ****
make -j4 all 
arm-none-eabi-gcc "../Core/Src/CircularBufferDriver.c" -mcpu=cortex-m4 -std=gnu11 -g3 -DDEBUG -DUSE_HAL_DRIVER -DSTM32F411xE -c -I../Core/Inc -I../Drivers/STM32F4xx_HAL_Driver/Inc -I../Drivers/STM32F4xx_HAL_Driver/Inc/Legacy -I../Drivers/CMSIS/Device/ST/STM32F4xx/Include -I../Drivers/CMSIS/Include -O0 -ffunction-sections -fdata-sections -Wall -fstack-usage -MMD -MP -MF"Core/Src/CircularBufferDriver.d" -MT"Core/Src/CircularBufferDriver.o" --specs=nano.specs -mfpu=fpv4-sp-d16 -mfloat-abi=hard -mthumb -o "Core/Src/CircularBufferDriver.o"
arm-none-eabi-gcc -o "11-UART-Circular-Buffer.elf" @"objects.list"   -mcpu=cortex-m4 -T"C:\Users\ralpm\STM32CubeIDE\workspace_1.11.2\11-UART-Circular-Buffer\STM32F411VETX_FLASH.ld" --specs=nosys.specs -Wl,-Map="11-UART-Circular-Buffer.map" -Wl,--gc-sections -static --specs=nano.specs -mfpu=fpv4-sp-d16 -mfloat-abi=hard -mthumb -Wl,--start-group -lc -lm -Wl,--end-group
Finished building target: 11-UART-Circular-Buffer.elf
 
arm-none-eabi-size   11-UART-Circular-Buffer.elf 
arm-none-eabi-objdump -h -S  11-UART-Circular-Buffer.elf  > "11-UART-Circular-Buffer.list"
   text	   data	    bss	    dec	    hex	filename
   7868	     20	   1708	   9596	   257c	11-UART-Circular-Buffer.elf
Finished building: default.size.stdout
 
Finished building: 11-UART-Circular-Buffer.list
 

15:40:57 Build Finished. 0 errors, 0 warnings. (took 766ms)

