13:28:50 **** Incremental Build of configuration Debug for project 13-UART-Circular-Buffer ****
make -j4 all 
arm-none-eabi-gcc "../Core/Src/main.c" -mcpu=cortex-m4 -std=gnu11 -g3 -DDEBUG -DUSE_HAL_DRIVER -DSTM32F411xE -c -I../Core/Inc -I../Drivers/STM32F4xx_HAL_Driver/Inc -I../Drivers/STM32F4xx_HAL_Driver/Inc/Legacy -I../Drivers/CMSIS/Device/ST/STM32F4xx/Include -I../Drivers/CMSIS/Include -O0 -ffunction-sections -fdata-sections -Wall -fstack-usage -MMD -MP -MF"Core/Src/main.d" -MT"Core/Src/main.o" --specs=nano.specs -mfpu=fpv4-sp-d16 -mfloat-abi=hard -mthumb -o "Core/Src/main.o"
arm-none-eabi-gcc -o "13-UART-Circular-Buffer.elf" @"objects.list"   -mcpu=cortex-m4 -T"C:\Users\ralpm\STM32CubeIDE\workspace_1.11.2\13-UART-Circular-Buffer\STM32F411VETX_FLASH.ld" --specs=nosys.specs -Wl,-Map="13-UART-Circular-Buffer.map" -Wl,--gc-sections -static --specs=nano.specs -mfpu=fpv4-sp-d16 -mfloat-abi=hard -mthumb -Wl,--start-group -lc -lm -Wl,--end-group
Finished building target: 13-UART-Circular-Buffer.elf
 
arm-none-eabi-size   13-UART-Circular-Buffer.elf 
arm-none-eabi-objdump -h -S  13-UART-Circular-Buffer.elf  > "13-UART-Circular-Buffer.list"
   text	   data	    bss	    dec	    hex	filename
   7940	     20	   1708	   9668	   25c4	13-UART-Circular-Buffer.elf
Finished building: default.size.stdout
 
Finished building: 13-UART-Circular-Buffer.list
 

13:28:51 Build Finished. 0 errors, 0 warnings. (took 940ms)

