10:10:11 **** Incremental Build of configuration Debug for project 14-Timer_Periodic_Signal_Generate ****
make -j4 all 
arm-none-eabi-gcc "../Core/Src/TimerDriver.c" -mcpu=cortex-m4 -std=gnu11 -g3 -DDEBUG -DUSE_HAL_DRIVER -DSTM32F411xE -c -I../Core/Inc -I../Drivers/STM32F4xx_HAL_Driver/Inc -I../Drivers/STM32F4xx_HAL_Driver/Inc/Legacy -I../Drivers/CMSIS/Device/ST/STM32F4xx/Include -I../Drivers/CMSIS/Include -O0 -ffunction-sections -fdata-sections -Wall -fstack-usage -MMD -MP -MF"Core/Src/TimerDriver.d" -MT"Core/Src/TimerDriver.o" --specs=nano.specs -mfpu=fpv4-sp-d16 -mfloat-abi=hard -mthumb -o "Core/Src/TimerDriver.o"
arm-none-eabi-gcc -o "14-Timer_Periodic_Signal_Generate.elf" @"objects.list"   -mcpu=cortex-m4 -T"C:\Users\ralpm\STM32CubeIDE\workspace_1.11.2\14-Timer_Periodic_Signal_Generate\STM32F411VETX_FLASH.ld" --specs=nosys.specs -Wl,-Map="14-Timer_Periodic_Signal_Generate.map" -Wl,--gc-sections -static --specs=nano.specs -mfpu=fpv4-sp-d16 -mfloat-abi=hard -mthumb -Wl,--start-group -lc -lm -Wl,--end-group
Finished building target: 14-Timer_Periodic_Signal_Generate.elf
 
arm-none-eabi-size   14-Timer_Periodic_Signal_Generate.elf 
arm-none-eabi-objdump -h -S  14-Timer_Periodic_Signal_Generate.elf  > "14-Timer_Periodic_Signal_Generate.list"
   text	   data	    bss	    dec	    hex	filename
   5948	     20	   1572	   7540	   1d74	14-Timer_Periodic_Signal_Generate.elf
Finished building: default.size.stdout
 
Finished building: 14-Timer_Periodic_Signal_Generate.list
 

10:10:12 Build Finished. 0 errors, 0 warnings. (took 1s.78ms)

