09:58:21 **** Incremental Build of configuration Debug for project 2-LedBlinkRegister ****
make -j4 all 
arm-none-eabi-gcc "../Core/Src/main.c" -mcpu=cortex-m4 -std=gnu11 -g3 -DDEBUG -DUSE_HAL_DRIVER -DSTM32F411xE -c -I../Core/Inc -I../Drivers/STM32F4xx_HAL_Driver/Inc -I../Drivers/STM32F4xx_HAL_Driver/Inc/Legacy -I../Drivers/CMSIS/Device/ST/STM32F4xx/Include -I../Drivers/CMSIS/Include -O0 -ffunction-sections -fdata-sections -Wall -fstack-usage -MMD -MP -MF"Core/Src/main.d" -MT"Core/Src/main.o" --specs=nano.specs -mfpu=fpv4-sp-d16 -mfloat-abi=hard -mthumb -o "Core/Src/main.o"
arm-none-eabi-gcc -o "2-LedBlinkRegister.elf" @"objects.list"   -mcpu=cortex-m4 -T"C:\Users\ralpm\STM32CubeIDE\workspace_1.11.2\2-LedBlinkRegister\STM32F411VETX_FLASH.ld" --specs=nosys.specs -Wl,-Map="2-LedBlinkRegister.map" -Wl,--gc-sections -static --specs=nano.specs -mfpu=fpv4-sp-d16 -mfloat-abi=hard -mthumb -Wl,--start-group -lc -lm -Wl,--end-group
Finished building target: 2-LedBlinkRegister.elf
 
arm-none-eabi-size   2-LedBlinkRegister.elf 
arm-none-eabi-objdump -h -S  2-LedBlinkRegister.elf  > "2-LedBlinkRegister.list"
   text	   data	    bss	    dec	    hex	filename
   5228	     20	   1572	   6820	   1aa4	2-LedBlinkRegister.elf
Finished building: default.size.stdout
 
Finished building: 2-LedBlinkRegister.list
 

09:58:22 Build Finished. 0 errors, 0 warnings. (took 801ms)

