15:23:29 **** Incremental Build of configuration Debug for project 7-UART-Transmit-Register ****
make -j4 all 
arm-none-eabi-gcc "../Core/Src/main.c" -mcpu=cortex-m4 -std=gnu11 -g3 -DDEBUG -DUSE_HAL_DRIVER -DSTM32F411xE -c -I../Core/Inc -I../Drivers/STM32F4xx_HAL_Driver/Inc -I../Drivers/STM32F4xx_HAL_Driver/Inc/Legacy -I../Drivers/CMSIS/Device/ST/STM32F4xx/Include -I../Drivers/CMSIS/Include -O0 -ffunction-sections -fdata-sections -Wall -fstack-usage -MMD -MP -MF"Core/Src/main.d" -MT"Core/Src/main.o" --specs=nano.specs -mfpu=fpv4-sp-d16 -mfloat-abi=hard -mthumb -o "Core/Src/main.o"
arm-none-eabi-gcc -o "7-UART-Transmit-Register.elf" @"objects.list"   -mcpu=cortex-m4 -T"C:\Users\ralpm\STM32CubeIDE\workspace_1.11.2\7-UART-Transmit-Register\STM32F411VETX_FLASH.ld" --specs=nosys.specs -Wl,-Map="7-UART-Transmit-Register.map" -Wl,--gc-sections -static --specs=nano.specs -mfpu=fpv4-sp-d16 -mfloat-abi=hard -mthumb -Wl,--start-group -lc -lm -Wl,--end-group
Finished building target: 7-UART-Transmit-Register.elf
 
arm-none-eabi-size   7-UART-Transmit-Register.elf 
arm-none-eabi-objdump -h -S  7-UART-Transmit-Register.elf  > "7-UART-Transmit-Register.list"
   text	   data	    bss	    dec	    hex	filename
   7440	     20	   1636	   9096	   2388	7-UART-Transmit-Register.elf
Finished building: default.size.stdout
 
Finished building: 7-UART-Transmit-Register.list
 

15:23:30 Build Finished. 0 errors, 0 warnings. (took 812ms)

