13:21:58 **** Incremental Build of configuration Debug for project test2 ****
make -j4 all 
arm-none-eabi-gcc "../Core/Src/CircularBuffer.c" -mcpu=cortex-m4 -std=gnu11 -g3 -DDEBUG -DUSE_HAL_DRIVER -DSTM32F411xE -c -I../Core/Inc -I../Drivers/STM32F4xx_HAL_Driver/Inc -I../Drivers/STM32F4xx_HAL_Driver/Inc/Legacy -I../Drivers/CMSIS/Device/ST/STM32F4xx/Include -I../Drivers/CMSIS/Include -O0 -ffunction-sections -fdata-sections -Wall -fstack-usage -MMD -MP -MF"Core/Src/CircularBuffer.d" -MT"Core/Src/CircularBuffer.o" --specs=nano.specs -mfpu=fpv4-sp-d16 -mfloat-abi=hard -mthumb -o "Core/Src/CircularBuffer.o"
arm-none-eabi-gcc -o "test2.elf" @"objects.list"   -mcpu=cortex-m4 -T"C:\Users\ralpm\STM32CubeIDE\workspace_1.11.2\test2\STM32F411VETX_FLASH.ld" --specs=nosys.specs -Wl,-Map="test2.map" -Wl,--gc-sections -static --specs=nano.specs -mfpu=fpv4-sp-d16 -mfloat-abi=hard -mthumb -Wl,--start-group -lc -lm -Wl,--end-group
Finished building target: test2.elf
 
arm-none-eabi-size   test2.elf 
arm-none-eabi-objdump -h -S  test2.elf  > "test2.list"
   text	   data	    bss	    dec	    hex	filename
   7808	     20	   1708	   9536	   2540	test2.elf
Finished building: default.size.stdout
 
Finished building: test2.list
 

13:21:59 Build Finished. 0 errors, 0 warnings. (took 753ms)

