16:53:06 **** Incremental Build of configuration Debug for project UART-ile-REGISTER-Seviyesinde-Uygulama ****
make -j4 all 
arm-none-eabi-gcc "../Core/Src/main.c" -mcpu=cortex-m4 -std=gnu11 -g3 -DDEBUG -DUSE_HAL_DRIVER -DSTM32F411xE -c -I../Core/Inc -I../Drivers/STM32F4xx_HAL_Driver/Inc -I../Drivers/STM32F4xx_HAL_Driver/Inc/Legacy -I../Drivers/CMSIS/Device/ST/STM32F4xx/Include -I../Drivers/CMSIS/Include -O0 -ffunction-sections -fdata-sections -Wall -fstack-usage -MMD -MP -MF"Core/Src/main.d" -MT"Core/Src/main.o" --specs=nano.specs -mfpu=fpv4-sp-d16 -mfloat-abi=hard -mthumb -o "Core/Src/main.o"
arm-none-eabi-gcc -o "UART-ile-REGISTER-Seviyesinde-Uygulama.elf" @"objects.list"   -mcpu=cortex-m4 -T"C:\Users\ralpm\STM32CubeIDE\workspace_1.11.2\UART-ile-REGISTER-Seviyesinde-Uygulama\STM32F411VETX_FLASH.ld" --specs=nosys.specs -Wl,-Map="UART-ile-REGISTER-Seviyesinde-Uygulama.map" -Wl,--gc-sections -static --specs=nano.specs -mfpu=fpv4-sp-d16 -mfloat-abi=hard -mthumb -Wl,--start-group -lc -lm -Wl,--end-group
Finished building target: UART-ile-REGISTER-Seviyesinde-Uygulama.elf
 
arm-none-eabi-size   UART-ile-REGISTER-Seviyesinde-Uygulama.elf 
arm-none-eabi-objdump -h -S  UART-ile-REGISTER-Seviyesinde-Uygulama.elf  > "UART-ile-REGISTER-Seviyesinde-Uygulama.list"
   text	   data	    bss	    dec	    hex	filename
   7720	     20	   1636	   9376	   24a0	UART-ile-REGISTER-Seviyesinde-Uygulama.elf
Finished building: default.size.stdout
 
Finished building: UART-ile-REGISTER-Seviyesinde-Uygulama.list
 

16:53:07 Build Finished. 0 errors, 0 warnings. (took 755ms)

